Archive member included to satisfy reference by file (symbol)

c:/st/stm32cubeide_1.5.1/stm32cubeide/plugins/com.st.stm32cube.ide.mcu.externaltools.gnu-tools-for-stm32.7-2018-q2-update.win32_1.5.0.202011040924/tools/bin/../lib/gcc/arm-none-eabi/7.3.1/../../../../arm-none-eabi/lib/thumb/v7e-m/fpv4-sp/hard\libc_nano.a(lib_a-errno.o)
                              Core/Src/syscalls.o (__errno)
c:/st/stm32cubeide_1.5.1/stm32cubeide/plugins/com.st.stm32cube.ide.mcu.externaltools.gnu-tools-for-stm32.7-2018-q2-update.win32_1.5.0.202011040924/tools/bin/../lib/gcc/arm-none-eabi/7.3.1/../../../../arm-none-eabi/lib/thumb/v7e-m/fpv4-sp/hard\libc_nano.a(lib_a-exit.o)
                              c:/st/stm32cubeide_1.5.1/stm32cubeide/plugins/com.st.stm32cube.ide.mcu.externaltools.gnu-tools-for-stm32.7-2018-q2-update.win32_1.5.0.202011040924/tools/bin/../lib/gcc/arm-none-eabi/7.3.1/../../../../arm-none-eabi/lib/thumb/v7e-m/fpv4-sp/hard/crt0.o (exit)
c:/st/stm32cubeide_1.5.1/stm32cubeide/plugins/com.st.stm32cube.ide.mcu.externaltools.gnu-tools-for-stm32.7-2018-q2-update.win32_1.5.0.202011040924/tools/bin/../lib/gcc/arm-none-eabi/7.3.1/../../../../arm-none-eabi/lib/thumb/v7e-m/fpv4-sp/hard\libc_nano.a(lib_a-impure.o)
                              c:/st/stm32cubeide_1.5.1/stm32cubeide/plugins/com.st.stm32cube.ide.mcu.externaltools.gnu-tools-for-stm32.7-2018-q2-update.win32_1.5.0.202011040924/tools/bin/../lib/gcc/arm-none-eabi/7.3.1/../../../../arm-none-eabi/lib/thumb/v7e-m/fpv4-sp/hard\libc_nano.a(lib_a-exit.o) (_global_impure_ptr)
c:/st/stm32cubeide_1.5.1/stm32cubeide/plugins/com.st.stm32cube.ide.mcu.externaltools.gnu-tools-for-stm32.7-2018-q2-update.win32_1.5.0.202011040924/tools/bin/../lib/gcc/arm-none-eabi/7.3.1/../../../../arm-none-eabi/lib/thumb/v7e-m/fpv4-sp/hard\libc_nano.a(lib_a-init.o)
                              c:/st/stm32cubeide_1.5.1/stm32cubeide/plugins/com.st.stm32cube.ide.mcu.externaltools.gnu-tools-for-stm32.7-2018-q2-update.win32_1.5.0.202011040924/tools/bin/../lib/gcc/arm-none-eabi/7.3.1/../../../../arm-none-eabi/lib/thumb/v7e-m/fpv4-sp/hard/crt0.o (__libc_init_array)
c:/st/stm32cubeide_1.5.1/stm32cubeide/plugins/com.st.stm32cube.ide.mcu.externaltools.gnu-tools-for-stm32.7-2018-q2-update.win32_1.5.0.202011040924/tools/bin/../lib/gcc/arm-none-eabi/7.3.1/../../../../arm-none-eabi/lib/thumb/v7e-m/fpv4-sp/hard\libc_nano.a(lib_a-memset.o)
                              c:/st/stm32cubeide_1.5.1/stm32cubeide/plugins/com.st.stm32cube.ide.mcu.externaltools.gnu-tools-for-stm32.7-2018-q2-update.win32_1.5.0.202011040924/tools/bin/../lib/gcc/arm-none-eabi/7.3.1/../../../../arm-none-eabi/lib/thumb/v7e-m/fpv4-sp/hard/crt0.o (memset)
c:/st/stm32cubeide_1.5.1/stm32cubeide/plugins/com.st.stm32cube.ide.mcu.externaltools.gnu-tools-for-stm32.7-2018-q2-update.win32_1.5.0.202011040924/tools/bin/../lib/gcc/arm-none-eabi/7.3.1/thumb/v7e-m/fpv4-sp/hard\libgcc.a(_arm_addsubdf3.o)
                              Core/Src/main.o (__aeabi_dsub)
c:/st/stm32cubeide_1.5.1/stm32cubeide/plugins/com.st.stm32cube.ide.mcu.externaltools.gnu-tools-for-stm32.7-2018-q2-update.win32_1.5.0.202011040924/tools/bin/../lib/gcc/arm-none-eabi/7.3.1/thumb/v7e-m/fpv4-sp/hard\libgcc.a(_arm_muldivdf3.o)
                              Core/Src/main.o (__aeabi_dmul)
c:/st/stm32cubeide_1.5.1/stm32cubeide/plugins/com.st.stm32cube.ide.mcu.externaltools.gnu-tools-for-stm32.7-2018-q2-update.win32_1.5.0.202011040924/tools/bin/../lib/gcc/arm-none-eabi/7.3.1/thumb/v7e-m/fpv4-sp/hard\libgcc.a(_arm_truncdfsf2.o)
                              Core/Src/main.o (__aeabi_d2f)

Allocating common symbols
Common symbol       size              file

tempCelcius_int     0x4               Core/Src/main.o
uwTick              0x4               Drivers/STM32L4xx_HAL_Driver/Src/stm32l4xx_hal.o
hadc1               0x68              Core/Src/main.o
fromADC             0x4               Core/Src/main.o
tempCelcius_flt     0x4               Core/Src/main.o
vref_checker        0x4               Core/Src/main.o

Discarded input sections

 .text          0x0000000000000000        0x0 c:/st/stm32cubeide_1.5.1/stm32cubeide/plugins/com.st.stm32cube.ide.mcu.externaltools.gnu-tools-for-stm32.7-2018-q2-update.win32_1.5.0.202011040924/tools/bin/../lib/gcc/arm-none-eabi/7.3.1/thumb/v7e-m/fpv4-sp/hard/crti.o
 .data          0x0000000000000000        0x0 c:/st/stm32cubeide_1.5.1/stm32cubeide/plugins/com.st.stm32cube.ide.mcu.externaltools.gnu-tools-for-stm32.7-2018-q2-update.win32_1.5.0.202011040924/tools/bin/../lib/gcc/arm-none-eabi/7.3.1/thumb/v7e-m/fpv4-sp/hard/crti.o
 .bss           0x0000000000000000        0x0 c:/st/stm32cubeide_1.5.1/stm32cubeide/plugins/com.st.stm32cube.ide.mcu.externaltools.gnu-tools-for-stm32.7-2018-q2-update.win32_1.5.0.202011040924/tools/bin/../lib/gcc/arm-none-eabi/7.3.1/thumb/v7e-m/fpv4-sp/hard/crti.o
[...]
Memory Configuration

Name             Origin             Length             Attributes
RAM              0x0000000020000000 0x00000000000a0000 xrw
FLASH            0x0000000008000000 0x0000000000200000 xr
*default*        0x0000000000000000 0xffffffffffffffff

Linker script and memory map

LOAD c:/st/stm32cubeide_1.5.1/stm32cubeide/plugins/com.st.stm32cube.ide.mcu.externaltools.gnu-tools-for-stm32.7-2018-q2-update.win32_1.5.0.202011040924/tools/bin/../lib/gcc/arm-none-eabi/7.3.1/thumb/v7e-m/fpv4-sp/hard/crti.o
LOAD c:/st/stm32cubeide_1.5.1/stm32cubeide/plugins/com.st.stm32cube.ide.mcu.externaltools.gnu-tools-for-stm32.7-2018-q2-update.win32_1.5.0.202011040924/tools/bin/../lib/gcc/arm-none-eabi/7.3.1/thumb/v7e-m/fpv4-sp/hard/crtbegin.o
LOAD c:/st/stm32cubeide_1.5.1/stm32cubeide/plugins/com.st.stm32cube.ide.mcu.externaltools.gnu-tools-for-stm32.7-2018-q2-update.win32_1.5.0.202011040924/tools/bin/../lib/gcc/arm-none-eabi/7.3.1/../../../../arm-none-eabi/lib/thumb/v7e-m/fpv4-sp/hard/crt0.o
LOAD Core/Src/main.o
LOAD Core/Src/stm32l4xx_hal_msp.o
LOAD Core/Src/stm32l4xx_it.o
LOAD Core/Src/syscalls.o
LOAD Core/Src/sysmem.o
LOAD Core/Src/system_stm32l4xx.o
LOAD Core/Startup/startup_stm32l4s5vitx.o
LOAD Drivers/STM32L4xx_HAL_Driver/Src/stm32l4xx_hal.o
LOAD Drivers/STM32L4xx_HAL_Driver/Src/stm32l4xx_hal_adc.o
LOAD Drivers/STM32L4xx_HAL_Driver/Src/stm32l4xx_hal_adc_ex.o
LOAD Drivers/STM32L4xx_HAL_Driver/Src/stm32l4xx_hal_cortex.o
LOAD Drivers/STM32L4xx_HAL_Driver/Src/stm32l4xx_hal_dma.o
LOAD Drivers/STM32L4xx_HAL_Driver/Src/stm32l4xx_hal_dma_ex.o
LOAD Drivers/STM32L4xx_HAL_Driver/Src/stm32l4xx_hal_exti.o
LOAD Drivers/STM32L4xx_HAL_Driver/Src/stm32l4xx_hal_flash.o
LOAD Drivers/STM32L4xx_HAL_Driver/Src/stm32l4xx_hal_flash_ex.o
LOAD Drivers/STM32L4xx_HAL_Driver/Src/stm32l4xx_hal_flash_ramfunc.o
LOAD Drivers/STM32L4xx_HAL_Driver/Src/stm32l4xx_hal_gpio.o
LOAD Drivers/STM32L4xx_HAL_Driver/Src/stm32l4xx_hal_i2c.o
LOAD Drivers/STM32L4xx_HAL_Driver/Src/stm32l4xx_hal_i2c_ex.o
LOAD Drivers/STM32L4xx_HAL_Driver/Src/stm32l4xx_hal_pwr.o
LOAD Drivers/STM32L4xx_HAL_Driver/Src/stm32l4xx_hal_pwr_ex.o
LOAD Drivers/STM32L4xx_HAL_Driver/Src/stm32l4xx_hal_rcc.o
LOAD Drivers/STM32L4xx_HAL_Driver/Src/stm32l4xx_hal_rcc_ex.o
LOAD Drivers/STM32L4xx_HAL_Driver/Src/stm32l4xx_hal_tim.o
LOAD Drivers/STM32L4xx_HAL_Driver/Src/stm32l4xx_hal_tim_ex.o
START GROUP
LOAD c:/st/stm32cubeide_1.5.1/stm32cubeide/plugins/com.st.stm32cube.ide.mcu.externaltools.gnu-tools-for-stm32.7-2018-q2-update.win32_1.5.0.202011040924/tools/bin/../lib/gcc/arm-none-eabi/7.3.1/../../../../arm-none-eabi/lib/thumb/v7e-m/fpv4-sp/hard\libc_nano.a
LOAD c:/st/stm32cubeide_1.5.1/stm32cubeide/plugins/com.st.stm32cube.ide.mcu.externaltools.gnu-tools-for-stm32.7-2018-q2-update.win32_1.5.0.202011040924/tools/bin/../lib/gcc/arm-none-eabi/7.3.1/../../../../arm-none-eabi/lib/thumb/v7e-m/fpv4-sp/hard\libm.a
END GROUP
START GROUP
LOAD c:/st/stm32cubeide_1.5.1/stm32cubeide/plugins/com.st.stm32cube.ide.mcu.externaltools.gnu-tools-for-stm32.7-2018-q2-update.win32_1.5.0.202011040924/tools/bin/../lib/gcc/arm-none-eabi/7.3.1/thumb/v7e-m/fpv4-sp/hard\libgcc.a
LOAD c:/st/stm32cubeide_1.5.1/stm32cubeide/plugins/com.st.stm32cube.ide.mcu.externaltools.gnu-tools-for-stm32.7-2018-q2-update.win32_1.5.0.202011040924/tools/bin/../lib/gcc/arm-none-eabi/7.3.1/../../../../arm-none-eabi/lib/thumb/v7e-m/fpv4-sp/hard\libc_nano.a
END GROUP
START GROUP
LOAD c:/st/stm32cubeide_1.5.1/stm32cubeide/plugins/com.st.stm32cube.ide.mcu.externaltools.gnu-tools-for-stm32.7-2018-q2-update.win32_1.5.0.202011040924/tools/bin/../lib/gcc/arm-none-eabi/7.3.1/thumb/v7e-m/fpv4-sp/hard\libgcc.a
LOAD c:/st/stm32cubeide_1.5.1/stm32cubeide/plugins/com.st.stm32cube.ide.mcu.externaltools.gnu-tools-for-stm32.7-2018-q2-update.win32_1.5.0.202011040924/tools/bin/../lib/gcc/arm-none-eabi/7.3.1/../../../../arm-none-eabi/lib/thumb/v7e-m/fpv4-sp/hard\libc_nano.a
LOAD c:/st/stm32cubeide_1.5.1/stm32cubeide/plugins/com.st.stm32cube.ide.mcu.externaltools.gnu-tools-for-stm32.7-2018-q2-update.win32_1.5.0.202011040924/tools/bin/../lib/gcc/arm-none-eabi/7.3.1/../../../../arm-none-eabi/lib/thumb/v7e-m/fpv4-sp/hard\libnosys.a
END GROUP
START GROUP
LOAD c:/st/stm32cubeide_1.5.1/stm32cubeide/plugins/com.st.stm32cube.ide.mcu.externaltools.gnu-tools-for-stm32.7-2018-q2-update.win32_1.5.0.202011040924/tools/bin/../lib/gcc/arm-none-eabi/7.3.1/thumb/v7e-m/fpv4-sp/hard\libgcc.a
LOAD c:/st/stm32cubeide_1.5.1/stm32cubeide/plugins/com.st.stm32cube.ide.mcu.externaltools.gnu-tools-for-stm32.7-2018-q2-update.win32_1.5.0.202011040924/tools/bin/../lib/gcc/arm-none-eabi/7.3.1/../../../../arm-none-eabi/lib/thumb/v7e-m/fpv4-sp/hard\libc_nano.a
LOAD c:/st/stm32cubeide_1.5.1/stm32cubeide/plugins/com.st.stm32cube.ide.mcu.externaltools.gnu-tools-for-stm32.7-2018-q2-update.win32_1.5.0.202011040924/tools/bin/../lib/gcc/arm-none-eabi/7.3.1/../../../../arm-none-eabi/lib/thumb/v7e-m/fpv4-sp/hard\libnosys.a
END GROUP
LOAD c:/st/stm32cubeide_1.5.1/stm32cubeide/plugins/com.st.stm32cube.ide.mcu.externaltools.gnu-tools-for-stm32.7-2018-q2-update.win32_1.5.0.202011040924/tools/bin/../lib/gcc/arm-none-eabi/7.3.1/thumb/v7e-m/fpv4-sp/hard/crtend.o
LOAD c:/st/stm32cubeide_1.5.1/stm32cubeide/plugins/com.st.stm32cube.ide.mcu.externaltools.gnu-tools-for-stm32.7-2018-q2-update.win32_1.5.0.202011040924/tools/bin/../lib/gcc/arm-none-eabi/7.3.1/thumb/v7e-m/fpv4-sp/hard/crtn.o
                0x00000000200a0000                _estack = (ORIGIN (RAM) + LENGTH (RAM))
                0x0000000000000200                _Min_Heap_Size = 0x200
                0x0000000000000400                _Min_Stack_Size = 0x400

.isr_vector     0x0000000008000000      0x1bc
                0x0000000008000000                . = ALIGN (0x4)
 *(.isr_vector)
 .isr_vector    0x0000000008000000      0x1bc Core/Startup/startup_stm32l4s5vitx.o
                0x0000000008000000                g_pfnVectors
                0x00000000080001bc                . = ALIGN (0x4)

.text           0x00000000080001c0     0x4248
                0x00000000080001c0                . = ALIGN (0x4)
 *(.text)
 .text          0x00000000080001c0       0x40 c:/st/stm32cubeide_1.5.1/stm32cubeide/plugins/com.st.stm32cube.ide.mcu.externaltools.gnu-tools-for-stm32.7-2018-q2-update.win32_1.5.0.202011040924/tools/bin/../lib/gcc/arm-none-eabi/7.3.1/thumb/v7e-m/fpv4-sp/hard/crtbegin.o
 .text          0x0000000008000200      0x378 c:/st/stm32cubeide_1.5.1/stm32cubeide/plugins/com.st.stm32cube.ide.mcu.externaltools.gnu-tools-for-stm32.7-2018-q2-update.win32_1.5.0.202011040924/tools/bin/../lib/gcc/arm-none-eabi/7.3.1/thumb/v7e-m/fpv4-sp/hard\libgcc.a(_arm_addsubdf3.o)
                0x0000000008000200                __aeabi_drsub
                0x0000000008000208                __aeabi_dsub
                0x0000000008000208                __subdf3
                0x000000000800020c                __aeabi_dadd
                0x000000000800020c                __adddf3
                0x0000000008000484                __floatunsidf
                0x0000000008000484                __aeabi_ui2d
                0x00000000080004a4                __floatsidf
                0x00000000080004a4                __aeabi_i2d
                0x00000000080004c8                __aeabi_f2d
                0x00000000080004c8                __extendsfdf2
                0x000000000800050c                __floatundidf
                0x000000000800050c                __aeabi_ul2d
                0x000000000800051c                __floatdidf
                0x000000000800051c                __aeabi_l2d
 .text          0x0000000008000578      0x424 c:/st/stm32cubeide_1.5.1/stm32cubeide/plugins/com.st.stm32cube.ide.mcu.externaltools.gnu-tools-for-stm32.7-2018-q2-update.win32_1.5.0.202011040924/tools/bin/../lib/gcc/arm-none-eabi/7.3.1/thumb/v7e-m/fpv4-sp/hard\libgcc.a(_arm_muldivdf3.o)
                0x0000000008000578                __aeabi_dmul
                0x0000000008000578                __muldf3
                0x00000000080007cc                __divdf3
                0x00000000080007cc                __aeabi_ddiv
 .text          0x000000000800099c       0xa0 c:/st/stm32cubeide_1.5.1/stm32cubeide/plugins/com.st.stm32cube.ide.mcu.externaltools.gnu-tools-for-stm32.7-2018-q2-update.win32_1.5.0.202011040924/tools/bin/../lib/gcc/arm-none-eabi/7.3.1/thumb/v7e-m/fpv4-sp/hard\libgcc.a(_arm_truncdfsf2.o)
                0x000000000800099c                __truncdfsf2
                0x000000000800099c                __aeabi_d2f
 *(.text*)
 *fill*         0x0000000008000a3c        0x4 
 .text.main     0x0000000008000a40      0x2c0 Core/Src/main.o
                0x0000000008000a40                main
 .text.SystemClock_Config
                0x0000000008000d00      0x110 Core/Src/main.o
                0x0000000008000d00                SystemClock_Config
 .text.MX_ADC1_Init
                0x0000000008000e10       0xc8 Core/Src/main.o
 .text.MX_GPIO_Init
                0x0000000008000ed8       0xa0 Core/Src/main.o
 .text.Error_Handler
                0x0000000008000f78        0x8 Core/Src/main.o
                0x0000000008000f78                Error_Handler
 .text.HAL_MspInit
                0x0000000008000f80       0x48 Core/Src/stm32l4xx_hal_msp.o
                0x0000000008000f80                HAL_MspInit
 .text.HAL_ADC_MspInit
                0x0000000008000fc8       0x40 Core/Src/stm32l4xx_hal_msp.o
                0x0000000008000fc8                HAL_ADC_MspInit
 .text.NMI_Handler
                0x0000000008001008        0x6 Core/Src/stm32l4xx_it.o
                0x0000000008001008                NMI_Handler
 .text.HardFault_Handler
                0x000000000800100e        0x6 Core/Src/stm32l4xx_it.o
                0x000000000800100e                HardFault_Handler
 .text.MemManage_Handler
                0x0000000008001014        0x6 Core/Src/stm32l4xx_it.o
                0x0000000008001014                MemManage_Handler
 .text.BusFault_Handler
                0x000000000800101a        0x6 Core/Src/stm32l4xx_it.o
                0x000000000800101a                BusFault_Handler
 .text.UsageFault_Handler
                0x0000000008001020        0x6 Core/Src/stm32l4xx_it.o
                0x0000000008001020                UsageFault_Handler
 .text.SVC_Handler
                0x0000000008001026        0xe Core/Src/stm32l4xx_it.o
                0x0000000008001026                SVC_Handler
 .text.DebugMon_Handler
                0x0000000008001034        0xe Core/Src/stm32l4xx_it.o
                0x0000000008001034                DebugMon_Handler
 .text.PendSV_Handler
                0x0000000008001042        0xe Core/Src/stm32l4xx_it.o
                0x0000000008001042                PendSV_Handler
 .text.SysTick_Handler
                0x0000000008001050        0xc Core/Src/stm32l4xx_it.o
                0x0000000008001050                SysTick_Handler
 .text.SystemInit
                0x000000000800105c       0x6c Core/Src/system_stm32l4xx.o
                0x000000000800105c                SystemInit
 .text.Reset_Handler
                0x00000000080010c8       0x50 Core/Startup/startup_stm32l4s5vitx.o
                0x00000000080010c8                Reset_Handler
 .text.Default_Handler
                0x0000000008001118        0x2 Core/Startup/startup_stm32l4s5vitx.o
                0x0000000008001118                RTC_Alarm_IRQHandler
                0x0000000008001118                EXTI2_IRQHandler
                0x0000000008001118                TIM8_TRG_COM_IRQHandler
                0x0000000008001118                TIM8_CC_IRQHandler
                0x0000000008001118                TIM1_CC_IRQHandler
                0x0000000008001118                TSC_IRQHandler
                0x0000000008001118                TAMP_STAMP_IRQHandler
                0x0000000008001118                EXTI3_IRQHandler
                0x0000000008001118                LPTIM2_IRQHandler
                0x0000000008001118                DFSDM1_FLT1_IRQHandler
                0x0000000008001118                GFXMMU_IRQHandler
                0x0000000008001118                I2C3_ER_IRQHandler
                0x0000000008001118                DFSDM1_FLT2_IRQHandler
                0x0000000008001118                EXTI0_IRQHandler
                0x0000000008001118                I2C2_EV_IRQHandler
                0x0000000008001118                CAN1_RX0_IRQHandler
                0x0000000008001118                FPU_IRQHandler
                0x0000000008001118                TIM1_UP_TIM16_IRQHandler
                0x0000000008001118                LTDC_ER_IRQHandler
                0x0000000008001118                SPI1_IRQHandler
                0x0000000008001118                OCTOSPI1_IRQHandler
                0x0000000008001118                TIM6_DAC_IRQHandler
                0x0000000008001118                DCMI_IRQHandler
                0x0000000008001118                TIM8_UP_IRQHandler
                0x0000000008001118                OCTOSPI2_IRQHandler
                0x0000000008001118                DMA2_Channel2_IRQHandler
                0x0000000008001118                DMA1_Channel4_IRQHandler
                0x0000000008001118                SAI2_IRQHandler
                0x0000000008001118                ADC1_IRQHandler
                0x0000000008001118                DFSDM1_FLT3_IRQHandler
                0x0000000008001118                USART3_IRQHandler
                0x0000000008001118                DMA1_Channel7_IRQHandler
                0x0000000008001118                CAN1_RX1_IRQHandler
                0x0000000008001118                UART5_IRQHandler
                0x0000000008001118                TIM4_IRQHandler
                0x0000000008001118                DMA2_Channel1_IRQHandler
                0x0000000008001118                I2C1_EV_IRQHandler
                0x0000000008001118                DMAMUX1_OVR_IRQHandler
                0x0000000008001118                DMA1_Channel6_IRQHandler
                0x0000000008001118                UART4_IRQHandler
                0x0000000008001118                DMA2_Channel4_IRQHandler
                0x0000000008001118                TIM3_IRQHandler
                0x0000000008001118                RCC_IRQHandler
                0x0000000008001118                DMA1_Channel1_IRQHandler
                0x0000000008001118                Default_Handler
                0x0000000008001118                DMA2_Channel7_IRQHandler
                0x0000000008001118                EXTI15_10_IRQHandler
                0x0000000008001118                TIM7_IRQHandler
                0x0000000008001118                SDMMC1_IRQHandler
                0x0000000008001118                TIM5_IRQHandler
                0x0000000008001118                I2C3_EV_IRQHandler
                0x0000000008001118                EXTI9_5_IRQHandler
                0x0000000008001118                RTC_WKUP_IRQHandler
                0x0000000008001118                LTDC_IRQHandler
                0x0000000008001118                PVD_PVM_IRQHandler
                0x0000000008001118                SPI2_IRQHandler
                0x0000000008001118                CAN1_TX_IRQHandler
                0x0000000008001118                DMA2_Channel5_IRQHandler
                0x0000000008001118                DMA1_Channel5_IRQHandler
                0x0000000008001118                EXTI4_IRQHandler
                0x0000000008001118                RNG_IRQHandler
                0x0000000008001118                TIM1_TRG_COM_TIM17_IRQHandler
                0x0000000008001118                DMA1_Channel3_IRQHandler
                0x0000000008001118                COMP_IRQHandler
                0x0000000008001118                HASH_CRS_IRQHandler
                0x0000000008001118                WWDG_IRQHandler
                0x0000000008001118                I2C4_EV_IRQHandler
                0x0000000008001118                LPUART1_IRQHandler
                0x0000000008001118                DMA2_Channel6_IRQHandler
                0x0000000008001118                TIM2_IRQHandler
                0x0000000008001118                DMA2D_IRQHandler
                0x0000000008001118                EXTI1_IRQHandler
                0x0000000008001118                AES_IRQHandler
                0x0000000008001118                USART2_IRQHandler
                0x0000000008001118                DFSDM1_FLT0_IRQHandler
                0x0000000008001118                I2C2_ER_IRQHandler
                0x0000000008001118                DMA1_Channel2_IRQHandler
                0x0000000008001118                TIM8_BRK_IRQHandler
                0x0000000008001118                CAN1_SCE_IRQHandler
                0x0000000008001118                FLASH_IRQHandler
                0x0000000008001118                USART1_IRQHandler
                0x0000000008001118                OTG_FS_IRQHandler
                0x0000000008001118                SPI3_IRQHandler
                0x0000000008001118                I2C1_ER_IRQHandler
                0x0000000008001118                FMC_IRQHandler
                0x0000000008001118                LPTIM1_IRQHandler
                0x0000000008001118                I2C4_ER_IRQHandler
                0x0000000008001118                SAI1_IRQHandler
                0x0000000008001118                DMA2_Channel3_IRQHandler
                0x0000000008001118                TIM1_BRK_TIM15_IRQHandler
 .text.HAL_Init
                0x000000000800111a       0x30 Drivers/STM32L4xx_HAL_Driver/Src/stm32l4xx_hal.o
                0x000000000800111a                HAL_Init
 *fill*         0x000000000800114a        0x2 
 .text.HAL_InitTick
                0x000000000800114c       0x78 Drivers/STM32L4xx_HAL_Driver/Src/stm32l4xx_hal.o
                0x000000000800114c                HAL_InitTick
 .text.HAL_IncTick
                0x00000000080011c4       0x28 Drivers/STM32L4xx_HAL_Driver/Src/stm32l4xx_hal.o
                0x00000000080011c4                HAL_IncTick
 .text.HAL_GetTick
                0x00000000080011ec       0x18 Drivers/STM32L4xx_HAL_Driver/Src/stm32l4xx_hal.o
                0x00000000080011ec                HAL_GetTick
 .text.HAL_Delay
                0x0000000008001204       0x44 Drivers/STM32L4xx_HAL_Driver/Src/stm32l4xx_hal.o
                0x0000000008001204                HAL_Delay
 .text.LL_ADC_SetCommonClock
                0x0000000008001248       0x26 Drivers/STM32L4xx_HAL_Driver/Src/stm32l4xx_hal_adc.o
 .text.LL_ADC_SetCommonPathInternalCh
                0x000000000800126e       0x26 Drivers/STM32L4xx_HAL_Driver/Src/stm32l4xx_hal_adc.o
 .text.LL_ADC_GetCommonPathInternalCh
                0x0000000008001294       0x1c Drivers/STM32L4xx_HAL_Driver/Src/stm32l4xx_hal_adc.o
 .text.LL_ADC_SetOffset
                0x00000000080012b0       0x48 Drivers/STM32L4xx_HAL_Driver/Src/stm32l4xx_hal_adc.o
 .text.LL_ADC_GetOffsetChannel
                0x00000000080012f8       0x2c Drivers/STM32L4xx_HAL_Driver/Src/stm32l4xx_hal_adc.o
 .text.LL_ADC_SetOffsetState
                0x0000000008001324       0x36 Drivers/STM32L4xx_HAL_Driver/Src/stm32l4xx_hal_adc.o
 .text.LL_ADC_SetSamplingTimeCommonConfig
                0x000000000800135a       0x26 Drivers/STM32L4xx_HAL_Driver/Src/stm32l4xx_hal_adc.o
 .text.LL_ADC_REG_IsTriggerSourceSWStart
                0x0000000008001380       0x26 Drivers/STM32L4xx_HAL_Driver/Src/stm32l4xx_hal_adc.o
 .text.LL_ADC_REG_SetSequencerRanks
                0x00000000080013a6       0x58 Drivers/STM32L4xx_HAL_Driver/Src/stm32l4xx_hal_adc.o
 .text.LL_ADC_SetChannelSamplingTime
                0x00000000080013fe       0x56 Drivers/STM32L4xx_HAL_Driver/Src/stm32l4xx_hal_adc.o
 .text.LL_ADC_SetChannelSingleDiff
                0x0000000008001454       0x48 Drivers/STM32L4xx_HAL_Driver/Src/stm32l4xx_hal_adc.o
 .text.LL_ADC_DisableDeepPowerDown
                0x000000000800149c       0x24 Drivers/STM32L4xx_HAL_Driver/Src/stm32l4xx_hal_adc.o
 .text.LL_ADC_IsDeepPowerDownEnabled
                0x00000000080014c0       0x28 Drivers/STM32L4xx_HAL_Driver/Src/stm32l4xx_hal_adc.o
 .text.LL_ADC_EnableInternalRegulator
                0x00000000080014e8       0x28 Drivers/STM32L4xx_HAL_Driver/Src/stm32l4xx_hal_adc.o
 .text.LL_ADC_IsInternalRegulatorEnabled
                0x0000000008001510       0x28 Drivers/STM32L4xx_HAL_Driver/Src/stm32l4xx_hal_adc.o
 .text.LL_ADC_Enable
                0x0000000008001538       0x28 Drivers/STM32L4xx_HAL_Driver/Src/stm32l4xx_hal_adc.o
 .text.LL_ADC_Disable
                0x0000000008001560       0x28 Drivers/STM32L4xx_HAL_Driver/Src/stm32l4xx_hal_adc.o
 .text.LL_ADC_IsEnabled
                0x0000000008001588       0x26 Drivers/STM32L4xx_HAL_Driver/Src/stm32l4xx_hal_adc.o
 .text.LL_ADC_IsDisableOngoing
                0x00000000080015ae       0x26 Drivers/STM32L4xx_HAL_Driver/Src/stm32l4xx_hal_adc.o
 .text.LL_ADC_REG_StartConversion
                0x00000000080015d4       0x28 Drivers/STM32L4xx_HAL_Driver/Src/stm32l4xx_hal_adc.o
 .text.LL_ADC_REG_IsConversionOngoing
                0x00000000080015fc       0x26 Drivers/STM32L4xx_HAL_Driver/Src/stm32l4xx_hal_adc.o
 .text.LL_ADC_INJ_IsConversionOngoing
                0x0000000008001622       0x26 Drivers/STM32L4xx_HAL_Driver/Src/stm32l4xx_hal_adc.o
 .text.HAL_ADC_Init
                0x0000000008001648      0x294 Drivers/STM32L4xx_HAL_Driver/Src/stm32l4xx_hal_adc.o
                0x0000000008001648                HAL_ADC_Init
 .text.HAL_ADC_Start
                0x00000000080018dc       0xc6 Drivers/STM32L4xx_HAL_Driver/Src/stm32l4xx_hal_adc.o
                0x00000000080018dc                HAL_ADC_Start
 .text.HAL_ADC_PollForConversion
                0x00000000080019a2      0x110 Drivers/STM32L4xx_HAL_Driver/Src/stm32l4xx_hal_adc.o
                0x00000000080019a2                HAL_ADC_PollForConversion
 .text.HAL_ADC_GetValue
                0x0000000008001ab2       0x1a Drivers/STM32L4xx_HAL_Driver/Src/stm32l4xx_hal_adc.o
                0x0000000008001ab2                HAL_ADC_GetValue
 .text.HAL_ADC_ConfigChannel
                0x0000000008001acc      0x7f4 Drivers/STM32L4xx_HAL_Driver/Src/stm32l4xx_hal_adc.o
                0x0000000008001acc                HAL_ADC_ConfigChannel
 .text.ADC_Enable
                0x00000000080022c0       0xb4 Drivers/STM32L4xx_HAL_Driver/Src/stm32l4xx_hal_adc.o
                0x00000000080022c0                ADC_Enable
 .text.ADC_Disable
                0x0000000008002374       0xb0 Drivers/STM32L4xx_HAL_Driver/Src/stm32l4xx_hal_adc.o
                0x0000000008002374                ADC_Disable
 .text.LL_ADC_StartCalibration
                0x0000000008002424       0x32 Drivers/STM32L4xx_HAL_Driver/Src/stm32l4xx_hal_adc_ex.o
 .text.LL_ADC_IsCalibrationOnGoing
                0x0000000008002456       0x28 Drivers/STM32L4xx_HAL_Driver/Src/stm32l4xx_hal_adc_ex.o
 .text.HAL_ADCEx_Calibration_Start
                0x000000000800247e       0xc0 Drivers/STM32L4xx_HAL_Driver/Src/stm32l4xx_hal_adc_ex.o
                0x000000000800247e                HAL_ADCEx_Calibration_Start
 *fill*         0x000000000800253e        0x2 
 .text.__NVIC_SetPriorityGrouping
                0x0000000008002540       0x48 Drivers/STM32L4xx_HAL_Driver/Src/stm32l4xx_hal_cortex.o
 .text.__NVIC_GetPriorityGrouping
                0x0000000008002588       0x1c Drivers/STM32L4xx_HAL_Driver/Src/stm32l4xx_hal_cortex.o
 .text.__NVIC_SetPriority
                0x00000000080025a4       0x54 Drivers/STM32L4xx_HAL_Driver/Src/stm32l4xx_hal_cortex.o
 .text.NVIC_EncodePriority
                0x00000000080025f8       0x66 Drivers/STM32L4xx_HAL_Driver/Src/stm32l4xx_hal_cortex.o
 *fill*         0x000000000800265e        0x2 
 .text.SysTick_Config
                0x0000000008002660       0x44 Drivers/STM32L4xx_HAL_Driver/Src/stm32l4xx_hal_cortex.o
 .text.HAL_NVIC_SetPriorityGrouping
                0x00000000080026a4       0x16 Drivers/STM32L4xx_HAL_Driver/Src/stm32l4xx_hal_cortex.o
                0x00000000080026a4                HAL_NVIC_SetPriorityGrouping
 .text.HAL_NVIC_SetPriority
                0x00000000080026ba       0x38 Drivers/STM32L4xx_HAL_Driver/Src/stm32l4xx_hal_cortex.o
                0x00000000080026ba                HAL_NVIC_SetPriority
 .text.HAL_SYSTICK_Config
                0x00000000080026f2       0x18 Drivers/STM32L4xx_HAL_Driver/Src/stm32l4xx_hal_cortex.o
                0x00000000080026f2                HAL_SYSTICK_Config
 *fill*         0x000000000800270a        0x2 
 .text.HAL_GPIO_Init
                0x000000000800270c      0x324 Drivers/STM32L4xx_HAL_Driver/Src/stm32l4xx_hal_gpio.o
                0x000000000800270c                HAL_GPIO_Init
 .text.HAL_GPIO_ReadPin
                0x0000000008002a30       0x30 Drivers/STM32L4xx_HAL_Driver/Src/stm32l4xx_hal_gpio.o
                0x0000000008002a30                HAL_GPIO_ReadPin
 .text.HAL_GPIO_WritePin
                0x0000000008002a60       0x30 Drivers/STM32L4xx_HAL_Driver/Src/stm32l4xx_hal_gpio.o
                0x0000000008002a60                HAL_GPIO_WritePin
 .text.HAL_GPIO_TogglePin
                0x0000000008002a90       0x34 Drivers/STM32L4xx_HAL_Driver/Src/stm32l4xx_hal_gpio.o
                0x0000000008002a90                HAL_GPIO_TogglePin
 .text.HAL_PWREx_GetVoltageRange
                0x0000000008002ac4       0x40 Drivers/STM32L4xx_HAL_Driver/Src/stm32l4xx_hal_pwr_ex.o
                0x0000000008002ac4                HAL_PWREx_GetVoltageRange
 .text.HAL_PWREx_ControlVoltageScaling
                0x0000000008002b04      0x148 Drivers/STM32L4xx_HAL_Driver/Src/stm32l4xx_hal_pwr_ex.o
                0x0000000008002b04                HAL_PWREx_ControlVoltageScaling
 .text.HAL_RCC_OscConfig
                0x0000000008002c4c      0x84c Drivers/STM32L4xx_HAL_Driver/Src/stm32l4xx_hal_rcc.o
                0x0000000008002c4c                HAL_RCC_OscConfig
 .text.HAL_RCC_ClockConfig
                0x0000000008003498      0x258 Drivers/STM32L4xx_HAL_Driver/Src/stm32l4xx_hal_rcc.o
                0x0000000008003498                HAL_RCC_ClockConfig
 .text.HAL_RCC_GetSysClockFreq
                0x00000000080036f0      0x114 Drivers/STM32L4xx_HAL_Driver/Src/stm32l4xx_hal_rcc.o
                0x00000000080036f0                HAL_RCC_GetSysClockFreq
 .text.RCC_SetFlashLatencyFromMSIRange
                0x0000000008003804       0xb4 Drivers/STM32L4xx_HAL_Driver/Src/stm32l4xx_hal_rcc.o
 .text.RCC_GetSysClockFreqFromPLLSource
                0x00000000080038b8       0xd0 Drivers/STM32L4xx_HAL_Driver/Src/stm32l4xx_hal_rcc.o
 .text.HAL_RCCEx_PeriphCLKConfig
                0x0000000008003988      0x650 Drivers/STM32L4xx_HAL_Driver/Src/stm32l4xx_hal_rcc_ex.o
                0x0000000008003988                HAL_RCCEx_PeriphCLKConfig
 .text.RCCEx_PLLSAI1_Config
                0x0000000008003fd8      0x1e0 Drivers/STM32L4xx_HAL_Driver/Src/stm32l4xx_hal_rcc_ex.o
 .text.RCCEx_PLLSAI2_Config
                0x00000000080041b8      0x1e0 Drivers/STM32L4xx_HAL_Driver/Src/stm32l4xx_hal_rcc_ex.o
 .text.__libc_init_array
                0x0000000008004398       0x48 c:/st/stm32cubeide_1.5.1/stm32cubeide/plugins/com.st.stm32cube.ide.mcu.externaltools.gnu-tools-for-stm32.7-2018-q2-update.win32_1.5.0.202011040924/tools/bin/../lib/gcc/arm-none-eabi/7.3.1/../../../../arm-none-eabi/lib/thumb/v7e-m/fpv4-sp/hard\libc_nano.a(lib_a-init.o)
                0x0000000008004398                __libc_init_array
 .text.memset   0x00000000080043e0       0x10 c:/st/stm32cubeide_1.5.1/stm32cubeide/plugins/com.st.stm32cube.ide.mcu.externaltools.gnu-tools-for-stm32.7-2018-q2-update.win32_1.5.0.202011040924/tools/bin/../lib/gcc/arm-none-eabi/7.3.1/../../../../arm-none-eabi/lib/thumb/v7e-m/fpv4-sp/hard\libc_nano.a(lib_a-memset.o)
                0x00000000080043e0                memset
 *(.glue_7)
 .glue_7        0x00000000080043f0        0x0 linker stubs
 *(.glue_7t)
 .glue_7t       0x00000000080043f0        0x0 linker stubs
 *(.eh_frame)
 .eh_frame      0x00000000080043f0        0x0 c:/st/stm32cubeide_1.5.1/stm32cubeide/plugins/com.st.stm32cube.ide.mcu.externaltools.gnu-tools-for-stm32.7-2018-q2-update.win32_1.5.0.202011040924/tools/bin/../lib/gcc/arm-none-eabi/7.3.1/thumb/v7e-m/fpv4-sp/hard/crtbegin.o
 *(.init)
 .init          0x00000000080043f0        0x4 c:/st/stm32cubeide_1.5.1/stm32cubeide/plugins/com.st.stm32cube.ide.mcu.externaltools.gnu-tools-for-stm32.7-2018-q2-update.win32_1.5.0.202011040924/tools/bin/../lib/gcc/arm-none-eabi/7.3.1/thumb/v7e-m/fpv4-sp/hard/crti.o
                0x00000000080043f0                _init
 .init          0x00000000080043f4        0x8 c:/st/stm32cubeide_1.5.1/stm32cubeide/plugins/com.st.stm32cube.ide.mcu.externaltools.gnu-tools-for-stm32.7-2018-q2-update.win32_1.5.0.202011040924/tools/bin/../lib/gcc/arm-none-eabi/7.3.1/thumb/v7e-m/fpv4-sp/hard/crtn.o
 *(.fini)
 .fini          0x00000000080043fc        0x4 c:/st/stm32cubeide_1.5.1/stm32cubeide/plugins/com.st.stm32cube.ide.mcu.externaltools.gnu-tools-for-stm32.7-2018-q2-update.win32_1.5.0.202011040924/tools/bin/../lib/gcc/arm-none-eabi/7.3.1/thumb/v7e-m/fpv4-sp/hard/crti.o
                0x00000000080043fc                _fini
 .fini          0x0000000008004400        0x8 c:/st/stm32cubeide_1.5.1/stm32cubeide/plugins/com.st.stm32cube.ide.mcu.externaltools.gnu-tools-for-stm32.7-2018-q2-update.win32_1.5.0.202011040924/tools/bin/../lib/gcc/arm-none-eabi/7.3.1/thumb/v7e-m/fpv4-sp/hard/crtn.o
                0x0000000008004408                . = ALIGN (0x4)
                0x0000000008004408                _etext = .

.vfp11_veneer   0x0000000008004408        0x0
 .vfp11_veneer  0x0000000008004408        0x0 linker stubs

.v4_bx          0x0000000008004408        0x0
 .v4_bx         0x0000000008004408        0x0 linker stubs

.iplt           0x0000000008004408        0x0
 .iplt          0x0000000008004408        0x0 c:/st/stm32cubeide_1.5.1/stm32cubeide/plugins/com.st.stm32cube.ide.mcu.externaltools.gnu-tools-for-stm32.7-2018-q2-update.win32_1.5.0.202011040924/tools/bin/../lib/gcc/arm-none-eabi/7.3.1/thumb/v7e-m/fpv4-sp/hard/crtbegin.o

.rodata         0x0000000008004408       0x40
                0x0000000008004408                . = ALIGN (0x4)
 *(.rodata)
 *(.rodata*)
 .rodata.AHBPrescTable
                0x0000000008004408       0x10 Core/Src/system_stm32l4xx.o
                0x0000000008004408                AHBPrescTable
 .rodata.MSIRangeTable
                0x0000000008004418       0x30 Core/Src/system_stm32l4xx.o
                0x0000000008004418                MSIRangeTable
                0x0000000008004448                . = ALIGN (0x4)

.rel.dyn        0x0000000008004448        0x0
 .rel.iplt      0x0000000008004448        0x0 c:/st/stm32cubeide_1.5.1/stm32cubeide/plugins/com.st.stm32cube.ide.mcu.externaltools.gnu-tools-for-stm32.7-2018-q2-update.win32_1.5.0.202011040924/tools/bin/../lib/gcc/arm-none-eabi/7.3.1/thumb/v7e-m/fpv4-sp/hard/crtbegin.o

.ARM.extab      0x0000000008004448        0x0
                0x0000000008004448                . = ALIGN (0x4)
 *(.ARM.extab* .gnu.linkonce.armextab.*)
                0x0000000008004448                . = ALIGN (0x4)

.ARM            0x0000000008004448        0x0
                0x0000000008004448                . = ALIGN (0x4)
                0x0000000008004448                __exidx_start = .
 *(.ARM.exidx*)
                0x0000000008004448                __exidx_end = .
                0x0000000008004448                . = ALIGN (0x4)

.preinit_array  0x0000000008004448        0x0
                0x0000000008004448                . = ALIGN (0x4)
                0x0000000008004448                PROVIDE (__preinit_array_start = .)
 *(.preinit_array*)
                0x0000000008004448                PROVIDE (__preinit_array_end = .)
                0x0000000008004448                . = ALIGN (0x4)

.init_array     0x0000000008004448        0x4
                0x0000000008004448                . = ALIGN (0x4)
                0x0000000008004448                PROVIDE (__init_array_start = .)
 *(SORT_BY_NAME(.init_array.*))
 *(.init_array*)
 .init_array    0x0000000008004448        0x4 c:/st/stm32cubeide_1.5.1/stm32cubeide/plugins/com.st.stm32cube.ide.mcu.externaltools.gnu-tools-for-stm32.7-2018-q2-update.win32_1.5.0.202011040924/tools/bin/../lib/gcc/arm-none-eabi/7.3.1/thumb/v7e-m/fpv4-sp/hard/crtbegin.o
                0x000000000800444c                PROVIDE (__init_array_end = .)
                0x000000000800444c                . = ALIGN (0x4)

.fini_array     0x000000000800444c        0x4
                0x000000000800444c                . = ALIGN (0x4)
                [!provide]                        PROVIDE (__fini_array_start = .)
 *(SORT_BY_NAME(.fini_array.*))
 *(.fini_array*)
 .fini_array    0x000000000800444c        0x4 c:/st/stm32cubeide_1.5.1/stm32cubeide/plugins/com.st.stm32cube.ide.mcu.externaltools.gnu-tools-for-stm32.7-2018-q2-update.win32_1.5.0.202011040924/tools/bin/../lib/gcc/arm-none-eabi/7.3.1/thumb/v7e-m/fpv4-sp/hard/crtbegin.o
                [!provide]                        PROVIDE (__fini_array_end = .)
                0x0000000008004450                . = ALIGN (0x4)
                0x0000000008004450                _sidata = LOADADDR (.data)

.data           0x0000000020000000       0x10 load address 0x0000000008004450
                0x0000000020000000                . = ALIGN (0x4)
                0x0000000020000000                _sdata = .
 *(.data)
 *(.data*)
 .data.measured_vref
                0x0000000020000000        0x4 Core/Src/main.o
                0x0000000020000000                measured_vref
 .data.SystemCoreClock
                0x0000000020000004        0x4 Core/Src/system_stm32l4xx.o
                0x0000000020000004                SystemCoreClock
 .data.uwTickPrio
                0x0000000020000008        0x4 Drivers/STM32L4xx_HAL_Driver/Src/stm32l4xx_hal.o
                0x0000000020000008                uwTickPrio
 .data.uwTickFreq
                0x000000002000000c        0x1 Drivers/STM32L4xx_HAL_Driver/Src/stm32l4xx_hal.o
                0x000000002000000c                uwTickFreq
                0x0000000020000010                . = ALIGN (0x4)
 *fill*         0x000000002000000d        0x3 
                0x0000000020000010                _edata = .

.igot.plt       0x0000000020000010        0x0 load address 0x0000000008004460
 .igot.plt      0x0000000020000010        0x0 c:/st/stm32cubeide_1.5.1/stm32cubeide/plugins/com.st.stm32cube.ide.mcu.externaltools.gnu-tools-for-stm32.7-2018-q2-update.win32_1.5.0.202011040924/tools/bin/../lib/gcc/arm-none-eabi/7.3.1/thumb/v7e-m/fpv4-sp/hard/crtbegin.o
                0x0000000020000010                . = ALIGN (0x4)

.bss            0x0000000020000010       0x98 load address 0x0000000008004460
                0x0000000020000010                _sbss = .
                0x0000000020000010                __bss_start__ = _sbss
 *(.bss)
 .bss           0x0000000020000010       0x1c c:/st/stm32cubeide_1.5.1/stm32cubeide/plugins/com.st.stm32cube.ide.mcu.externaltools.gnu-tools-for-stm32.7-2018-q2-update.win32_1.5.0.202011040924/tools/bin/../lib/gcc/arm-none-eabi/7.3.1/thumb/v7e-m/fpv4-sp/hard/crtbegin.o
 *(.bss*)
 *(COMMON)
 COMMON         0x000000002000002c       0x78 Core/Src/main.o
                0x000000002000002c                tempCelcius_int
                0x0000000020000030                hadc1
                0x0000000020000098                fromADC
                0x000000002000009c                tempCelcius_flt
                0x00000000200000a0                vref_checker
 COMMON         0x00000000200000a4        0x4 Drivers/STM32L4xx_HAL_Driver/Src/stm32l4xx_hal.o
                0x00000000200000a4                uwTick
                0x00000000200000a8                . = ALIGN (0x4)
                0x00000000200000a8                _ebss = .
                0x00000000200000a8                __bss_end__ = _ebss

._user_heap_stack
                0x00000000200000a8      0x600 load address 0x0000000008004460
                0x00000000200000a8                . = ALIGN (0x8)
                [!provide]                        PROVIDE (end = .)
                0x00000000200000a8                PROVIDE (_end = .)
                0x00000000200002a8                . = (. + _Min_Heap_Size)
 *fill*         0x00000000200000a8      0x200 
                0x00000000200006a8                . = (. + _Min_Stack_Size)
 *fill*         0x00000000200002a8      0x400 
                0x00000000200006a8                . = ALIGN (0x8)

/DISCARD/
 libc.a(*)
 libm.a(*)
 libgcc.a(*)

.ARM.attributes
                0x0000000000000000       0x30
 *(.ARM.attributes)
 .ARM.attributes
                0x0000000000000000       0x22 c:/st/stm32cubeide_1.5.1/stm32cubeide/plugins/com.st.stm32cube.ide.mcu.externaltools.gnu-tools-for-stm32.7-2018-q2-update.win32_1.5.0.202011040924/tools/bin/../lib/gcc/arm-none-eabi/7.3.1/thumb/v7e-m/fpv4-sp/hard/crti.o
 .ARM.attributes
                0x0000000000000022       0x34 c:/st/stm32cubeide_1.5.1/stm32cubeide/plugins/com.st.stm32cube.ide.mcu.externaltools.gnu-tools-for-stm32.7-2018-q2-update.win32_1.5.0.202011040924/tools/bin/../lib/gcc/arm-none-eabi/7.3.1/thumb/v7e-m/fpv4-sp/hard/crtbegin.o
 .ARM.attributes
                0x0000000000000056       0x39 Core/Src/main.o
 .ARM.attributes
                0x000000000000008f       0x39 Core/Src/stm32l4xx_hal_msp.o
 .ARM.attributes
                0x00000000000000c8       0x39 Core/Src/stm32l4xx_it.o
 .ARM.attributes
                0x0000000000000101       0x39 Core/Src/system_stm32l4xx.o
 .ARM.attributes
                0x000000000000013a       0x21 Core/Startup/startup_stm32l4s5vitx.o
 .ARM.attributes
                0x000000000000015b       0x39 Drivers/STM32L4xx_HAL_Driver/Src/stm32l4xx_hal.o
 .ARM.attributes
                0x0000000000000194       0x39 Drivers/STM32L4xx_HAL_Driver/Src/stm32l4xx_hal_adc.o
 .ARM.attributes
                0x00000000000001cd       0x39 Drivers/STM32L4xx_HAL_Driver/Src/stm32l4xx_hal_adc_ex.o
 .ARM.attributes
                0x0000000000000206       0x39 Drivers/STM32L4xx_HAL_Driver/Src/stm32l4xx_hal_cortex.o
 .ARM.attributes
                0x000000000000023f       0x39 Drivers/STM32L4xx_HAL_Driver/Src/stm32l4xx_hal_gpio.o
 .ARM.attributes
                0x0000000000000278       0x39 Drivers/STM32L4xx_HAL_Driver/Src/stm32l4xx_hal_pwr_ex.o
 .ARM.attributes
                0x00000000000002b1       0x39 Drivers/STM32L4xx_HAL_Driver/Src/stm32l4xx_hal_rcc.o
 .ARM.attributes
                0x00000000000002ea       0x39 Drivers/STM32L4xx_HAL_Driver/Src/stm32l4xx_hal_rcc_ex.o
 .ARM.attributes
                0x0000000000000323       0x34 c:/st/stm32cubeide_1.5.1/stm32cubeide/plugins/com.st.stm32cube.ide.mcu.externaltools.gnu-tools-for-stm32.7-2018-q2-update.win32_1.5.0.202011040924/tools/bin/../lib/gcc/arm-none-eabi/7.3.1/../../../../arm-none-eabi/lib/thumb/v7e-m/fpv4-sp/hard\libc_nano.a(lib_a-init.o)
 .ARM.attributes
                0x0000000000000357       0x34 c:/st/stm32cubeide_1.5.1/stm32cubeide/plugins/com.st.stm32cube.ide.mcu.externaltools.gnu-tools-for-stm32.7-2018-q2-update.win32_1.5.0.202011040924/tools/bin/../lib/gcc/arm-none-eabi/7.3.1/../../../../arm-none-eabi/lib/thumb/v7e-m/fpv4-sp/hard\libc_nano.a(lib_a-memset.o)
 .ARM.attributes
                0x000000000000038b       0x22 c:/st/stm32cubeide_1.5.1/stm32cubeide/plugins/com.st.stm32cube.ide.mcu.externaltools.gnu-tools-for-stm32.7-2018-q2-update.win32_1.5.0.202011040924/tools/bin/../lib/gcc/arm-none-eabi/7.3.1/thumb/v7e-m/fpv4-sp/hard\libgcc.a(_arm_addsubdf3.o)
 .ARM.attributes
                0x00000000000003ad       0x22 c:/st/stm32cubeide_1.5.1/stm32cubeide/plugins/com.st.stm32cube.ide.mcu.externaltools.gnu-tools-for-stm32.7-2018-q2-update.win32_1.5.0.202011040924/tools/bin/../lib/gcc/arm-none-eabi/7.3.1/thumb/v7e-m/fpv4-sp/hard\libgcc.a(_arm_muldivdf3.o)
 .ARM.attributes
                0x00000000000003cf       0x22 c:/st/stm32cubeide_1.5.1/stm32cubeide/plugins/com.st.stm32cube.ide.mcu.externaltools.gnu-tools-for-stm32.7-2018-q2-update.win32_1.5.0.202011040924/tools/bin/../lib/gcc/arm-none-eabi/7.3.1/thumb/v7e-m/fpv4-sp/hard\libgcc.a(_arm_truncdfsf2.o)
 .ARM.attributes
                0x00000000000003f1       0x22 c:/st/stm32cubeide_1.5.1/stm32cubeide/plugins/com.st.stm32cube.ide.mcu.externaltools.gnu-tools-for-stm32.7-2018-q2-update.win32_1.5.0.202011040924/tools/bin/../lib/gcc/arm-none-eabi/7.3.1/thumb/v7e-m/fpv4-sp/hard/crtn.o
OUTPUT(Lab2_Group3.elf elf32-littlearm)

.debug_info     0x0000000000000000     0xb588
 .debug_info    0x0000000000000000     0x1283 Core/Src/main.o
 .debug_info    0x0000000000001283      0xc5e Core/Src/stm32l4xx_hal_msp.o
 .debug_info    0x0000000000001ee1      0x349 Core/Src/stm32l4xx_it.o
 .debug_info    0x000000000000222a      0x75b Core/Src/system_stm32l4xx.o
 .debug_info    0x0000000000002985       0x22 Core/Startup/startup_stm32l4s5vitx.o
 .debug_info    0x00000000000029a7      0xc7f Drivers/STM32L4xx_HAL_Driver/Src/stm32l4xx_hal.o
 .debug_info    0x0000000000003626     0x1efc Drivers/STM32L4xx_HAL_Driver/Src/stm32l4xx_hal_adc.o
 .debug_info    0x0000000000005522     0x1a6d Drivers/STM32L4xx_HAL_Driver/Src/stm32l4xx_hal_adc_ex.o
 .debug_info    0x0000000000006f8f      0xf8b Drivers/STM32L4xx_HAL_Driver/Src/stm32l4xx_hal_cortex.o
 .debug_info    0x0000000000007f1a      0x9f6 Drivers/STM32L4xx_HAL_Driver/Src/stm32l4xx_hal_gpio.o
 .debug_info    0x0000000000008910      0xbc1 Drivers/STM32L4xx_HAL_Driver/Src/stm32l4xx_hal_pwr_ex.o
 .debug_info    0x00000000000094d1      0xe4a Drivers/STM32L4xx_HAL_Driver/Src/stm32l4xx_hal_rcc.o
 .debug_info    0x000000000000a31b     0x126d Drivers/STM32L4xx_HAL_Driver/Src/stm32l4xx_hal_rcc_ex.o

.debug_abbrev   0x0000000000000000     0x17e6
 .debug_abbrev  0x0000000000000000      0x209 Core/Src/main.o
 .debug_abbrev  0x0000000000000209      0x18c Core/Src/stm32l4xx_hal_msp.o
 .debug_abbrev  0x0000000000000395       0xe2 Core/Src/stm32l4xx_it.o
 .debug_abbrev  0x0000000000000477      0x150 Core/Src/system_stm32l4xx.o
 .debug_abbrev  0x00000000000005c7       0x12 Core/Startup/startup_stm32l4s5vitx.o
 .debug_abbrev  0x00000000000005d9      0x1fb Drivers/STM32L4xx_HAL_Driver/Src/stm32l4xx_hal.o
 .debug_abbrev  0x00000000000007d4      0x25d Drivers/STM32L4xx_HAL_Driver/Src/stm32l4xx_hal_adc.o
 .debug_abbrev  0x0000000000000a31      0x27d Drivers/STM32L4xx_HAL_Driver/Src/stm32l4xx_hal_adc_ex.o
 .debug_abbrev  0x0000000000000cae      0x2fa Drivers/STM32L4xx_HAL_Driver/Src/stm32l4xx_hal_cortex.o
 .debug_abbrev  0x0000000000000fa8      0x1c0 Drivers/STM32L4xx_HAL_Driver/Src/stm32l4xx_hal_gpio.o
 .debug_abbrev  0x0000000000001168      0x1cb Drivers/STM32L4xx_HAL_Driver/Src/stm32l4xx_hal_pwr_ex.o
 .debug_abbrev  0x0000000000001333      0x27b Drivers/STM32L4xx_HAL_Driver/Src/stm32l4xx_hal_rcc.o
 .debug_abbrev  0x00000000000015ae      0x238 Drivers/STM32L4xx_HAL_Driver/Src/stm32l4xx_hal_rcc_ex.o

.debug_aranges  0x0000000000000000      0xa60
 .debug_aranges
                0x0000000000000000       0x40 Core/Src/main.o
 .debug_aranges
                0x0000000000000040       0x30 Core/Src/stm32l4xx_hal_msp.o
 .debug_aranges
                0x0000000000000070       0x60 Core/Src/stm32l4xx_it.o
 .debug_aranges
                0x00000000000000d0       0x28 Core/Src/system_stm32l4xx.o
 .debug_aranges
                0x00000000000000f8       0x28 Core/Startup/startup_stm32l4s5vitx.o
 .debug_aranges
                0x0000000000000120      0x130 Drivers/STM32L4xx_HAL_Driver/Src/stm32l4xx_hal.o
 .debug_aranges
                0x0000000000000250      0x218 Drivers/STM32L4xx_HAL_Driver/Src/stm32l4xx_hal_adc.o
 .debug_aranges
                0x0000000000000468      0x178 Drivers/STM32L4xx_HAL_Driver/Src/stm32l4xx_hal_adc_ex.o
 .debug_aranges
                0x00000000000005e0      0x118 Drivers/STM32L4xx_HAL_Driver/Src/stm32l4xx_hal_cortex.o
 .debug_aranges
                0x00000000000006f8       0x58 Drivers/STM32L4xx_HAL_Driver/Src/stm32l4xx_hal_gpio.o
 .debug_aranges
                0x0000000000000750      0x170 Drivers/STM32L4xx_HAL_Driver/Src/stm32l4xx_hal_pwr_ex.o
 .debug_aranges
                0x00000000000008c0       0x90 Drivers/STM32L4xx_HAL_Driver/Src/stm32l4xx_hal_rcc.o
 .debug_aranges
                0x0000000000000950      0x110 Drivers/STM32L4xx_HAL_Driver/Src/stm32l4xx_hal_rcc_ex.o

.debug_ranges   0x0000000000000000      0x998
 .debug_ranges  0x0000000000000000       0x30 Core/Src/main.o
 .debug_ranges  0x0000000000000030       0x20 Core/Src/stm32l4xx_hal_msp.o
 .debug_ranges  0x0000000000000050       0x50 Core/Src/stm32l4xx_it.o
 .debug_ranges  0x00000000000000a0       0x18 Core/Src/system_stm32l4xx.o
 .debug_ranges  0x00000000000000b8       0x20 Core/Startup/startup_stm32l4s5vitx.o
 .debug_ranges  0x00000000000000d8      0x120 Drivers/STM32L4xx_HAL_Driver/Src/stm32l4xx_hal.o
 .debug_ranges  0x00000000000001f8      0x208 Drivers/STM32L4xx_HAL_Driver/Src/stm32l4xx_hal_adc.o
 .debug_ranges  0x0000000000000400      0x168 Drivers/STM32L4xx_HAL_Driver/Src/stm32l4xx_hal_adc_ex.o
 .debug_ranges  0x0000000000000568      0x108 Drivers/STM32L4xx_HAL_Driver/Src/stm32l4xx_hal_cortex.o
 .debug_ranges  0x0000000000000670       0x48 Drivers/STM32L4xx_HAL_Driver/Src/stm32l4xx_hal_gpio.o
 .debug_ranges  0x00000000000006b8      0x160 Drivers/STM32L4xx_HAL_Driver/Src/stm32l4xx_hal_pwr_ex.o
 .debug_ranges  0x0000000000000818       0x80 Drivers/STM32L4xx_HAL_Driver/Src/stm32l4xx_hal_rcc.o
 .debug_ranges  0x0000000000000898      0x100 Drivers/STM32L4xx_HAL_Driver/Src/stm32l4xx_hal_rcc_ex.o

.debug_macro    0x0000000000000000    0x29fa5
 .debug_macro   0x0000000000000000      0x1f1 Core/Src/main.o
 .debug_macro   0x00000000000001f1      0xa5a Core/Src/main.o
 .debug_macro   0x0000000000000c4b      0x1a7 Core/Src/main.o
 .debug_macro   0x0000000000000df2       0x2e Core/Src/main.o
 .debug_macro   0x0000000000000e20       0x28 Core/Src/main.o
 .debug_macro   0x0000000000000e48       0x22 Core/Src/main.o
 .debug_macro   0x0000000000000e6a       0x8e Core/Src/main.o
 .debug_macro   0x0000000000000ef8       0x51 Core/Src/main.o
 .debug_macro   0x0000000000000f49       0xef Core/Src/main.o
 .debug_macro   0x0000000000001038       0x6a Core/Src/main.o
 .debug_macro   0x00000000000010a2      0x1df Core/Src/main.o
 .debug_macro   0x0000000000001281       0x1c Core/Src/main.o
 .debug_macro   0x000000000000129d       0x22 Core/Src/main.o
 .debug_macro   0x00000000000012bf      0x101 Core/Src/main.o
 .debug_macro   0x00000000000013c0     0x1011 Core/Src/main.o
 .debug_macro   0x00000000000023d1      0x11f Core/Src/main.o
 .debug_macro   0x00000000000024f0    0x1d28c Core/Src/main.o
 .debug_macro   0x000000000001f77c       0x43 Core/Src/main.o
 .debug_macro   0x000000000001f7bf     0x3897 Core/Src/main.o
 .debug_macro   0x0000000000023056      0x174 Core/Src/main.o
 .debug_macro   0x00000000000231ca       0x5c Core/Src/main.o
 .debug_macro   0x0000000000023226     0x18d1 Core/Src/main.o
 .debug_macro   0x0000000000024af7      0x7d5 Core/Src/main.o
 .debug_macro   0x00000000000252cc      0x13d Core/Src/main.o
 .debug_macro   0x0000000000025409      0x225 Core/Src/main.o
 .debug_macro   0x000000000002562e      0x486 Core/Src/main.o
 .debug_macro   0x0000000000025ab4      0x1cf Core/Src/main.o
 .debug_macro   0x0000000000025c83       0x43 Core/Src/main.o
 .debug_macro   0x0000000000025cc6      0x23d Core/Src/main.o
 .debug_macro   0x0000000000025f03      0xdf4 Core/Src/main.o
 .debug_macro   0x0000000000026cf7      0x624 Core/Src/main.o
 .debug_macro   0x000000000002731b      0x24f Core/Src/main.o
 .debug_macro   0x000000000002756a      0x241 Core/Src/main.o
 .debug_macro   0x00000000000277ab      0x416 Core/Src/main.o
 .debug_macro   0x0000000000027bc1       0x1c Core/Src/main.o
 .debug_macro   0x0000000000027bdd       0xf2 Core/Src/main.o
 .debug_macro   0x0000000000027ccf      0x22c Core/Src/main.o
 .debug_macro   0x0000000000027efb       0x61 Core/Src/main.o
 .debug_macro   0x0000000000027f5c       0xa5 Core/Src/main.o
 .debug_macro   0x0000000000028001      0x122 Core/Src/main.o
 .debug_macro   0x0000000000028123      0x3f7 Core/Src/main.o
 .debug_macro   0x000000000002851a      0x433 Core/Src/main.o
 .debug_macro   0x000000000002894d       0x1c Core/Src/main.o
 .debug_macro   0x0000000000028969      0x1f1 Core/Src/stm32l4xx_hal_msp.o
 .debug_macro   0x0000000000028b5a      0x1fb Core/Src/stm32l4xx_it.o
 .debug_macro   0x0000000000028d55      0x1e8 Core/Src/system_stm32l4xx.o
 .debug_macro   0x0000000000028f3d      0x230 Drivers/STM32L4xx_HAL_Driver/Src/stm32l4xx_hal.o
 .debug_macro   0x000000000002916d      0x1ff Drivers/STM32L4xx_HAL_Driver/Src/stm32l4xx_hal_adc.o
 .debug_macro   0x000000000002936c      0x1ee Drivers/STM32L4xx_HAL_Driver/Src/stm32l4xx_hal_adc_ex.o
 .debug_macro   0x000000000002955a      0x1e2 Drivers/STM32L4xx_HAL_Driver/Src/stm32l4xx_hal_cortex.o
 .debug_macro   0x000000000002973c      0x221 Drivers/STM32L4xx_HAL_Driver/Src/stm32l4xx_hal_gpio.o
 .debug_macro   0x000000000002995d      0x20c Drivers/STM32L4xx_HAL_Driver/Src/stm32l4xx_hal_pwr_ex.o
 .debug_macro   0x0000000000029b69      0x224 Drivers/STM32L4xx_HAL_Driver/Src/stm32l4xx_hal_rcc.o
 .debug_macro   0x0000000000029d8d      0x218 Drivers/STM32L4xx_HAL_Driver/Src/stm32l4xx_hal_rcc_ex.o

.debug_line     0x0000000000000000     0x8159
 .debug_line    0x0000000000000000      0x7ad Core/Src/main.o
 .debug_line    0x00000000000007ad      0x716 Core/Src/stm32l4xx_hal_msp.o
 .debug_line    0x0000000000000ec3      0x798 Core/Src/stm32l4xx_it.o
 .debug_line    0x000000000000165b      0x71b Core/Src/system_stm32l4xx.o
 .debug_line    0x0000000000001d76       0x87 Core/Startup/startup_stm32l4s5vitx.o
 .debug_line    0x0000000000001dfd      0x991 Drivers/STM32L4xx_HAL_Driver/Src/stm32l4xx_hal.o
 .debug_line    0x000000000000278e     0x136e Drivers/STM32L4xx_HAL_Driver/Src/stm32l4xx_hal_adc.o
 .debug_line    0x0000000000003afc      0xfa0 Drivers/STM32L4xx_HAL_Driver/Src/stm32l4xx_hal_adc_ex.o
 .debug_line    0x0000000000004a9c      0xa19 Drivers/STM32L4xx_HAL_Driver/Src/stm32l4xx_hal_cortex.o
 .debug_line    0x00000000000054b5      0x8bc Drivers/STM32L4xx_HAL_Driver/Src/stm32l4xx_hal_gpio.o
 .debug_line    0x0000000000005d71      0xb0b Drivers/STM32L4xx_HAL_Driver/Src/stm32l4xx_hal_pwr_ex.o
 .debug_line    0x000000000000687c      0xa49 Drivers/STM32L4xx_HAL_Driver/Src/stm32l4xx_hal_rcc.o
 .debug_line    0x00000000000072c5      0xe94 Drivers/STM32L4xx_HAL_Driver/Src/stm32l4xx_hal_rcc_ex.o

.debug_str      0x0000000000000000   0x107af9
 .debug_str     0x0000000000000000   0x104a24 Core/Src/main.o
                                     0x105023 (size before relaxing)
 .debug_str     0x0000000000104a24       0x53 Core/Src/stm32l4xx_hal_msp.o
                                     0x104a76 (size before relaxing)
 .debug_str     0x0000000000104a77       0xbd Core/Src/stm32l4xx_it.o
                                     0x10445d (size before relaxing)
 .debug_str     0x0000000000104b34       0xcd Core/Src/system_stm32l4xx.o
                                     0x104565 (size before relaxing)
 .debug_str     0x0000000000104c01       0x36 Core/Startup/startup_stm32l4s5vitx.o
                                         0x66 (size before relaxing)
 .debug_str     0x0000000000104c37      0xa1a Drivers/STM32L4xx_HAL_Driver/Src/stm32l4xx_hal.o
                                     0x105094 (size before relaxing)
 .debug_str     0x0000000000105651      0x9ca Drivers/STM32L4xx_HAL_Driver/Src/stm32l4xx_hal_adc.o
                                     0x105381 (size before relaxing)
 .debug_str     0x000000000010601b      0x614 Drivers/STM32L4xx_HAL_Driver/Src/stm32l4xx_hal_adc_ex.o
                                     0x105228 (size before relaxing)
 .debug_str     0x000000000010662f      0x389 Drivers/STM32L4xx_HAL_Driver/Src/stm32l4xx_hal_cortex.o
                                     0x104ddf (size before relaxing)
 .debug_str     0x00000000001069b8      0x23b Drivers/STM32L4xx_HAL_Driver/Src/stm32l4xx_hal_gpio.o
                                     0x1047e5 (size before relaxing)
 .debug_str     0x0000000000106bf3      0x576 Drivers/STM32L4xx_HAL_Driver/Src/stm32l4xx_hal_pwr_ex.o
                                     0x104b33 (size before relaxing)
 .debug_str     0x0000000000107169      0x3db Drivers/STM32L4xx_HAL_Driver/Src/stm32l4xx_hal_rcc.o
                                     0x104b54 (size before relaxing)
 .debug_str     0x0000000000107544      0x5b5 Drivers/STM32L4xx_HAL_Driver/Src/stm32l4xx_hal_rcc_ex.o
                                     0x104f2d (size before relaxing)

.comment        0x0000000000000000       0x7b
 .comment       0x0000000000000000       0x7b Core/Src/main.o
                                         0x7c (size before relaxing)
 .comment       0x000000000000007b       0x7c Core/Src/stm32l4xx_hal_msp.o
 .comment       0x000000000000007b       0x7c Core/Src/stm32l4xx_it.o
 .comment       0x000000000000007b       0x7c Core/Src/system_stm32l4xx.o
 .comment       0x000000000000007b       0x7c Drivers/STM32L4xx_HAL_Driver/Src/stm32l4xx_hal.o
 .comment       0x000000000000007b       0x7c Drivers/STM32L4xx_HAL_Driver/Src/stm32l4xx_hal_adc.o
 .comment       0x000000000000007b       0x7c Drivers/STM32L4xx_HAL_Driver/Src/stm32l4xx_hal_adc_ex.o
 .comment       0x000000000000007b       0x7c Drivers/STM32L4xx_HAL_Driver/Src/stm32l4xx_hal_cortex.o
 .comment       0x000000000000007b       0x7c Drivers/STM32L4xx_HAL_Driver/Src/stm32l4xx_hal_gpio.o
 .comment       0x000000000000007b       0x7c Drivers/STM32L4xx_HAL_Driver/Src/stm32l4xx_hal_pwr_ex.o
 .comment       0x000000000000007b       0x7c Drivers/STM32L4xx_HAL_Driver/Src/stm32l4xx_hal_rcc.o
 .comment       0x000000000000007b       0x7c Drivers/STM32L4xx_HAL_Driver/Src/stm32l4xx_hal_rcc_ex.o

.debug_frame    0x0000000000000000     0x2b60
 .debug_frame   0x0000000000000000       0xc0 Core/Src/main.o
 .debug_frame   0x00000000000000c0       0x88 Core/Src/stm32l4xx_hal_msp.o
 .debug_frame   0x0000000000000148      0x104 Core/Src/stm32l4xx_it.o
 .debug_frame   0x000000000000024c       0x58 Core/Src/system_stm32l4xx.o
 .debug_frame   0x00000000000002a4      0x498 Drivers/STM32L4xx_HAL_Driver/Src/stm32l4xx_hal.o
 .debug_frame   0x000000000000073c      0x9d8 Drivers/STM32L4xx_HAL_Driver/Src/stm32l4xx_hal_adc.o
 .debug_frame   0x0000000000001114      0x6b4 Drivers/STM32L4xx_HAL_Driver/Src/stm32l4xx_hal_adc_ex.o
 .debug_frame   0x00000000000017c8      0x498 Drivers/STM32L4xx_HAL_Driver/Src/stm32l4xx_hal_cortex.o
 .debug_frame   0x0000000000001c60      0x14c Drivers/STM32L4xx_HAL_Driver/Src/stm32l4xx_hal_gpio.o
 .debug_frame   0x0000000000001dac      0x5c4 Drivers/STM32L4xx_HAL_Driver/Src/stm32l4xx_hal_pwr_ex.o
 .debug_frame   0x0000000000002370      0x220 Drivers/STM32L4xx_HAL_Driver/Src/stm32l4xx_hal_rcc.o
 .debug_frame   0x0000000000002590      0x464 Drivers/STM32L4xx_HAL_Driver/Src/stm32l4xx_hal_rcc_ex.o
 .debug_frame   0x00000000000029f4       0x2c c:/st/stm32cubeide_1.5.1/stm32cubeide/plugins/com.st.stm32cube.ide.mcu.externaltools.gnu-tools-for-stm32.7-2018-q2-update.win32_1.5.0.202011040924/tools/bin/../lib/gcc/arm-none-eabi/7.3.1/../../../../arm-none-eabi/lib/thumb/v7e-m/fpv4-sp/hard\libc_nano.a(lib_a-init.o)
 .debug_frame   0x0000000000002a20       0x20 c:/st/stm32cubeide_1.5.1/stm32cubeide/plugins/com.st.stm32cube.ide.mcu.externaltools.gnu-tools-for-stm32.7-2018-q2-update.win32_1.5.0.202011040924/tools/bin/../lib/gcc/arm-none-eabi/7.3.1/../../../../arm-none-eabi/lib/thumb/v7e-m/fpv4-sp/hard\libc_nano.a(lib_a-memset.o)
 .debug_frame   0x0000000000002a40       0xac c:/st/stm32cubeide_1.5.1/stm32cubeide/plugins/com.st.stm32cube.ide.mcu.externaltools.gnu-tools-for-stm32.7-2018-q2-update.win32_1.5.0.202011040924/tools/bin/../lib/gcc/arm-none-eabi/7.3.1/thumb/v7e-m/fpv4-sp/hard\libgcc.a(_arm_addsubdf3.o)
 .debug_frame   0x0000000000002aec       0x50 c:/st/stm32cubeide_1.5.1/stm32cubeide/plugins/com.st.stm32cube.ide.mcu.externaltools.gnu-tools-for-stm32.7-2018-q2-update.win32_1.5.0.202011040924/tools/bin/../lib/gcc/arm-none-eabi/7.3.1/thumb/v7e-m/fpv4-sp/hard\libgcc.a(_arm_muldivdf3.o)
 .debug_frame   0x0000000000002b3c       0x24 c:/st/stm32cubeide_1.5.1/stm32cubeide/plugins/com.st.stm32cube.ide.mcu.externaltools.gnu-tools-for-stm32.7-2018-q2-update.win32_1.5.0.202011040924/tools/bin/../lib/gcc/arm-none-eabi/7.3.1/thumb/v7e-m/fpv4-sp/hard\libgcc.a(_arm_truncdfsf2.o)
